// Jest Snapshot v1, https://goo.gl/fbAQLP

exports[`Test for Scatter Test for Scatter Method should check data rendered by \`render\` method 1`] = `
Array [
  Object {
    "props": Object {
      "x": 1,
      "y": 1,
    },
    "transform": Array [
      1,
      0,
      0,
      1,
      0,
      0,
    ],
    "type": "scale",
  },
  Object {
    "props": Object {
      "height": 320,
      "width": 518,
      "x": 0,
      "y": 0,
    },
    "transform": Array [
      1,
      0,
      0,
      1,
      0,
      0,
    ],
    "type": "clearRect",
  },
  Object {
    "props": Object {
      "value": "#ffffff",
    },
    "transform": Array [
      1,
      0,
      0,
      1,
      0,
      0,
    ],
    "type": "fillStyle",
  },
  Object {
    "props": Object {
      "height": 320,
      "width": 518,
      "x": 0,
      "y": 0,
    },
    "transform": Array [
      1,
      0,
      0,
      1,
      0,
      0,
    ],
    "type": "fillRect",
  },
  Object {
    "props": Object {
      "dHeight": 320,
      "dWidth": 518,
      "dx": 0,
      "dy": 0,
      "img": <canvas
        height="320"
        style="width: 518px; height: 320px;"
        width="518"
      />,
      "sHeight": 320,
      "sWidth": 518,
      "sx": -0,
      "sy": 0,
    },
    "transform": Array [
      1,
      0,
      0,
      1,
      0,
      0,
    ],
    "type": "drawImage",
  },
  Object {
    "props": Object {
      "dHeight": 320,
      "dWidth": 518,
      "dx": 0,
      "dy": 0,
      "img": <canvas
        height="320"
        style="width: 518px; height: 320px;"
        width="518"
      />,
      "sHeight": 320,
      "sWidth": 518,
      "sx": -0,
      "sy": 0,
    },
    "transform": Array [
      1,
      0,
      0,
      1,
      0,
      0,
    ],
    "type": "drawImage",
  },
  Object {
    "props": Object {
      "dHeight": 320,
      "dWidth": 518,
      "dx": 0,
      "dy": 0,
      "img": <canvas
        height="320"
        style="width: 518px; height: 320px;"
        width="518"
      />,
      "sHeight": 320,
      "sWidth": 518,
      "sx": -0,
      "sy": 0,
    },
    "transform": Array [
      1,
      0,
      0,
      1,
      0,
      0,
    ],
    "type": "drawImage",
  },
  Object {
    "props": Object {
      "dHeight": 320,
      "dWidth": 518,
      "dx": 0,
      "dy": 0,
      "img": <canvas
        height="320"
        style="width: 518px; height: 320px;"
        width="518"
      />,
      "sHeight": 320,
      "sWidth": 518,
      "sx": -0,
      "sy": 0,
    },
    "transform": Array [
      1,
      0,
      0,
      1,
      0,
      0,
    ],
    "type": "drawImage",
  },
  Object {
    "props": Object {
      "dHeight": 320,
      "dWidth": 518,
      "dx": 0,
      "dy": 0,
      "img": <canvas
        height="320"
        style="width: 518px; height: 320px;"
        width="518"
      />,
      "sHeight": 320,
      "sWidth": 518,
      "sx": 0,
      "sy": 0,
    },
    "transform": Array [
      1,
      0,
      0,
      1,
      0,
      0,
    ],
    "type": "drawImage",
  },
  Object {
    "props": Object {
      "height": 320,
      "width": 518,
      "x": 0,
      "y": 0,
    },
    "transform": Array [
      1,
      0,
      0,
      1,
      0,
      0,
    ],
    "type": "clearRect",
  },
  Object {
    "props": Object {
      "value": "#ffffff",
    },
    "transform": Array [
      1,
      0,
      0,
      1,
      0,
      0,
    ],
    "type": "fillStyle",
  },
  Object {
    "props": Object {
      "height": 320,
      "width": 518,
      "x": 0,
      "y": 0,
    },
    "transform": Array [
      1,
      0,
      0,
      1,
      0,
      0,
    ],
    "type": "fillRect",
  },
  Object {
    "props": Object {
      "dHeight": 320,
      "dWidth": 518,
      "dx": 0,
      "dy": 0,
      "img": <canvas
        height="320"
        style="width: 518px; height: 320px;"
        width="518"
      />,
      "sHeight": 320,
      "sWidth": 518,
      "sx": -0,
      "sy": 0,
    },
    "transform": Array [
      1,
      0,
      0,
      1,
      0,
      0,
    ],
    "type": "drawImage",
  },
  Object {
    "props": Object {
      "dHeight": 320,
      "dWidth": 518,
      "dx": 0,
      "dy": 0,
      "img": <canvas
        height="320"
        style="width: 518px; height: 320px;"
        width="518"
      />,
      "sHeight": 320,
      "sWidth": 518,
      "sx": -0,
      "sy": 0,
    },
    "transform": Array [
      1,
      0,
      0,
      1,
      0,
      0,
    ],
    "type": "drawImage",
  },
  Object {
    "props": Object {
      "dHeight": 320,
      "dWidth": 518,
      "dx": 0,
      "dy": 0,
      "img": <canvas
        height="320"
        style="width: 518px; height: 320px;"
        width="518"
      />,
      "sHeight": 320,
      "sWidth": 518,
      "sx": -0,
      "sy": 0,
    },
    "transform": Array [
      1,
      0,
      0,
      1,
      0,
      0,
    ],
    "type": "drawImage",
  },
  Object {
    "props": Object {
      "dHeight": 320,
      "dWidth": 518,
      "dx": 0,
      "dy": 0,
      "img": <canvas
        height="320"
        style="width: 518px; height: 320px;"
        width="518"
      />,
      "sHeight": 320,
      "sWidth": 518,
      "sx": -0,
      "sy": 0,
    },
    "transform": Array [
      1,
      0,
      0,
      1,
      0,
      0,
    ],
    "type": "drawImage",
  },
  Object {
    "props": Object {
      "dHeight": 320,
      "dWidth": 518,
      "dx": 0,
      "dy": 0,
      "img": <canvas
        height="320"
        style="width: 518px; height: 320px;"
        width="518"
      />,
      "sHeight": 320,
      "sWidth": 518,
      "sx": 0,
      "sy": 0,
    },
    "transform": Array [
      1,
      0,
      0,
      1,
      0,
      0,
    ],
    "type": "drawImage",
  },
]
`;

exports[`Test for Scatter Test for Scatter Method should check data rendered by \`render\` method with append flag is true 1`] = `
Array [
  Object {
    "props": Object {
      "x": 1,
      "y": 1,
    },
    "transform": Array [
      1,
      0,
      0,
      1,
      0,
      0,
    ],
    "type": "scale",
  },
  Object {
    "props": Object {
      "height": 320,
      "width": 518,
      "x": 0,
      "y": 0,
    },
    "transform": Array [
      1,
      0,
      0,
      1,
      0,
      0,
    ],
    "type": "clearRect",
  },
  Object {
    "props": Object {
      "value": "#ffffff",
    },
    "transform": Array [
      1,
      0,
      0,
      1,
      0,
      0,
    ],
    "type": "fillStyle",
  },
  Object {
    "props": Object {
      "height": 320,
      "width": 518,
      "x": 0,
      "y": 0,
    },
    "transform": Array [
      1,
      0,
      0,
      1,
      0,
      0,
    ],
    "type": "fillRect",
  },
  Object {
    "props": Object {
      "dHeight": 320,
      "dWidth": 518,
      "dx": 0,
      "dy": 0,
      "img": <canvas
        height="320"
        style="width: 518px; height: 320px;"
        width="518"
      />,
      "sHeight": 320,
      "sWidth": 518,
      "sx": -0,
      "sy": 0,
    },
    "transform": Array [
      1,
      0,
      0,
      1,
      0,
      0,
    ],
    "type": "drawImage",
  },
  Object {
    "props": Object {
      "dHeight": 320,
      "dWidth": 518,
      "dx": 0,
      "dy": 0,
      "img": <canvas
        height="320"
        style="width: 518px; height: 320px;"
        width="518"
      />,
      "sHeight": 320,
      "sWidth": 518,
      "sx": -0,
      "sy": 0,
    },
    "transform": Array [
      1,
      0,
      0,
      1,
      0,
      0,
    ],
    "type": "drawImage",
  },
  Object {
    "props": Object {
      "dHeight": 320,
      "dWidth": 518,
      "dx": 0,
      "dy": 0,
      "img": <canvas
        height="320"
        style="width: 518px; height: 320px;"
        width="518"
      />,
      "sHeight": 320,
      "sWidth": 518,
      "sx": -0,
      "sy": 0,
    },
    "transform": Array [
      1,
      0,
      0,
      1,
      0,
      0,
    ],
    "type": "drawImage",
  },
  Object {
    "props": Object {
      "dHeight": 320,
      "dWidth": 518,
      "dx": 0,
      "dy": 0,
      "img": <canvas
        height="320"
        style="width: 518px; height: 320px;"
        width="518"
      />,
      "sHeight": 320,
      "sWidth": 518,
      "sx": -0,
      "sy": 0,
    },
    "transform": Array [
      1,
      0,
      0,
      1,
      0,
      0,
    ],
    "type": "drawImage",
  },
  Object {
    "props": Object {
      "dHeight": 320,
      "dWidth": 518,
      "dx": 0,
      "dy": 0,
      "img": <canvas
        height="320"
        style="width: 518px; height: 320px;"
        width="518"
      />,
      "sHeight": 320,
      "sWidth": 518,
      "sx": 0,
      "sy": 0,
    },
    "transform": Array [
      1,
      0,
      0,
      1,
      0,
      0,
    ],
    "type": "drawImage",
  },
  Object {
    "props": Object {
      "height": 320,
      "width": 518,
      "x": 0,
      "y": 0,
    },
    "transform": Array [
      1,
      0,
      0,
      1,
      0,
      0,
    ],
    "type": "clearRect",
  },
  Object {
    "props": Object {
      "value": "#ffffff",
    },
    "transform": Array [
      1,
      0,
      0,
      1,
      0,
      0,
    ],
    "type": "fillStyle",
  },
  Object {
    "props": Object {
      "height": 320,
      "width": 518,
      "x": 0,
      "y": 0,
    },
    "transform": Array [
      1,
      0,
      0,
      1,
      0,
      0,
    ],
    "type": "fillRect",
  },
  Object {
    "props": Object {
      "dHeight": 320,
      "dWidth": 518,
      "dx": 0,
      "dy": 0,
      "img": <canvas
        height="320"
        style="width: 518px; height: 320px;"
        width="518"
      />,
      "sHeight": 320,
      "sWidth": 518,
      "sx": -0,
      "sy": 0,
    },
    "transform": Array [
      1,
      0,
      0,
      1,
      0,
      0,
    ],
    "type": "drawImage",
  },
  Object {
    "props": Object {
      "dHeight": 320,
      "dWidth": 518,
      "dx": 0,
      "dy": 0,
      "img": <canvas
        height="320"
        style="width: 518px; height: 320px;"
        width="518"
      />,
      "sHeight": 320,
      "sWidth": 518,
      "sx": -0,
      "sy": 0,
    },
    "transform": Array [
      1,
      0,
      0,
      1,
      0,
      0,
    ],
    "type": "drawImage",
  },
  Object {
    "props": Object {
      "dHeight": 320,
      "dWidth": 518,
      "dx": 0,
      "dy": 0,
      "img": <canvas
        height="320"
        style="width: 518px; height: 320px;"
        width="518"
      />,
      "sHeight": 320,
      "sWidth": 518,
      "sx": -0,
      "sy": 0,
    },
    "transform": Array [
      1,
      0,
      0,
      1,
      0,
      0,
    ],
    "type": "drawImage",
  },
  Object {
    "props": Object {
      "dHeight": 320,
      "dWidth": 518,
      "dx": 0,
      "dy": 0,
      "img": <canvas
        height="320"
        style="width: 518px; height: 320px;"
        width="518"
      />,
      "sHeight": 320,
      "sWidth": 518,
      "sx": -0,
      "sy": 0,
    },
    "transform": Array [
      1,
      0,
      0,
      1,
      0,
      0,
    ],
    "type": "drawImage",
  },
  Object {
    "props": Object {
      "dHeight": 320,
      "dWidth": 518,
      "dx": 0,
      "dy": 0,
      "img": <canvas
        height="320"
        style="width: 518px; height: 320px;"
        width="518"
      />,
      "sHeight": 320,
      "sWidth": 518,
      "sx": 0,
      "sy": 0,
    },
    "transform": Array [
      1,
      0,
      0,
      1,
      0,
      0,
    ],
    "type": "drawImage",
  },
  Object {
    "props": Object {
      "height": 320,
      "width": 518,
      "x": 0,
      "y": 0,
    },
    "transform": Array [
      1,
      0,
      0,
      1,
      0,
      0,
    ],
    "type": "clearRect",
  },
  Object {
    "props": Object {
      "value": "#ffffff",
    },
    "transform": Array [
      1,
      0,
      0,
      1,
      0,
      0,
    ],
    "type": "fillStyle",
  },
  Object {
    "props": Object {
      "height": 320,
      "width": 518,
      "x": 0,
      "y": 0,
    },
    "transform": Array [
      1,
      0,
      0,
      1,
      0,
      0,
    ],
    "type": "fillRect",
  },
  Object {
    "props": Object {
      "dHeight": 320,
      "dWidth": 518,
      "dx": 0,
      "dy": 0,
      "img": <canvas
        height="320"
        style="width: 518px; height: 320px;"
        width="518"
      />,
      "sHeight": 320,
      "sWidth": 518,
      "sx": -0,
      "sy": 0,
    },
    "transform": Array [
      1,
      0,
      0,
      1,
      0,
      0,
    ],
    "type": "drawImage",
  },
  Object {
    "props": Object {
      "dHeight": 320,
      "dWidth": 518,
      "dx": 0,
      "dy": 0,
      "img": <canvas
        height="320"
        style="width: 518px; height: 320px;"
        width="518"
      />,
      "sHeight": 320,
      "sWidth": 518,
      "sx": -0,
      "sy": 0,
    },
    "transform": Array [
      1,
      0,
      0,
      1,
      0,
      0,
    ],
    "type": "drawImage",
  },
  Object {
    "props": Object {
      "dHeight": 320,
      "dWidth": 518,
      "dx": 0,
      "dy": 0,
      "img": <canvas
        height="320"
        style="width: 518px; height: 320px;"
        width="518"
      />,
      "sHeight": 320,
      "sWidth": 518,
      "sx": -0,
      "sy": 0,
    },
    "transform": Array [
      1,
      0,
      0,
      1,
      0,
      0,
    ],
    "type": "drawImage",
  },
  Object {
    "props": Object {
      "dHeight": 320,
      "dWidth": 518,
      "dx": 0,
      "dy": 0,
      "img": <canvas
        height="320"
        style="width: 518px; height: 320px;"
        width="518"
      />,
      "sHeight": 320,
      "sWidth": 518,
      "sx": -0,
      "sy": 0,
    },
    "transform": Array [
      1,
      0,
      0,
      1,
      0,
      0,
    ],
    "type": "drawImage",
  },
  Object {
    "props": Object {
      "dHeight": 320,
      "dWidth": 518,
      "dx": 0,
      "dy": 0,
      "img": <canvas
        height="320"
        style="width: 518px; height: 320px;"
        width="518"
      />,
      "sHeight": 320,
      "sWidth": 518,
      "sx": 0,
      "sy": 0,
    },
    "transform": Array [
      1,
      0,
      0,
      1,
      0,
      0,
    ],
    "type": "drawImage",
  },
]
`;
